// Jest Snapshot v1, https://goo.gl/fbAQLP

exports[`App renders proper html markup 1`] = `
<div
  class="app"
>
  <transition-stub
    appear="false"
    css="true"
    mode="out-in"
    name="fade"
    persisted="false"
  >
    <div
      class="app-container"
    >
      <main-header-stub
        class="main-header"
        title="Timetable"
      />
      <navigation-bar-stub />
      <main
        class="main-content"
      >
        <router-view-stub
          name="default"
        />
      </main>
    </div>
  </transition-stub>
</div>
`;
