// Jest Snapshot v1, https://goo.gl/fbAQLP

exports[`NavigationBar renders proper html markup 1`] = `
<base-card-stub
  without-paddings="true"
>
  
  <nav
    class="navigation-bar"
  >
    
    <router-link-stub
      class="navigation-item"
      to="/"
    >
      
      Bus Lines
      
    </router-link-stub>
    <router-link-stub
      class="navigation-item"
      to="/stops"
    >
      
      Stops
      
    </router-link-stub>
    
  </nav>
  
</base-card-stub>
`;
